// Jest Snapshot v1, https://goo.gl/fbAQLP

exports[`full integration with streaming 1`] = `
"
    

{
  "ui": [
    {
      "Markdown": {
        "data": {
          "text": "hi"
        }
      }
    },
    {
      "CardList": {
        "$children": [
          {
            "LightCard": {
              "title": "Light 1",
              "id": "uuid123"
            }
          },
          {
            "LightCard": {
              "title": "Light 2",
              "id": "uuid456"
            }
          }
        ]
      }
    }
  ]
}


  "
`;

exports[`prompt helper example injection modes inline: replaces <ui> blocks with fenced JSON HBTree 1`] = `
"
        Head
        

{
  "ui": [
    {
      "X": {}
    },
    {
      "Y": {}
    }
  ]
}


        Middle
        

{
  "ui": [
    {
      "Z": {}
    }
  ]
}


        Tail
      "
`;
